../Drivers/CMSIS/Include/core_cm4.h:1938:34:__NVIC_SystemReset	4	static,ignoring_inline_asm
../Core/Src/main.c:76:6:bootloader_jump_to_user_application	24	static,ignoring_inline_asm
../Core/Src/main.c:91:6:app_test_read_wifi_from_cfg	120	static
../Core/Src/main.c:146:5:main	3648	static
../Core/Src/main.c:346:6:SystemClock_Config	88	static
../Core/Src/main.c:388:13:MX_CRC_Init	8	static
../Core/Src/main.c:414:13:MX_USART1_UART_Init	8	static
../Core/Src/main.c:447:13:MX_USART2_UART_Init	8	static
../Core/Src/main.c:478:13:MX_DMA_Init	16	static
../Core/Src/main.c:496:13:MX_GPIO_Init	48	static
../Core/Src/main.c:538:6:Error_Handler	4	static,ignoring_inline_asm
