../Core/Src/nvsesp.c:20:5:nvsesp_parseVersionJson	96	static
../Core/Src/nvsesp.c:50:16:nvsesp_httpRequest	3512	static
../Core/Src/nvsesp.c:321:16:nvsesp_sendAtCommand	3328	static
../Core/Src/nvsesp.c:380:6:HAL_UARTEx_RxEventCallback	24	static
../Core/Src/nvsesp.c:407:6:nvsesp_extractJsonBody	96	static
../Core/Src/nvsesp.c:483:6:nvsesp_jsonFindString	72	static
../Core/Src/nvsesp.c:497:13:nvsesp_joinFeed	32	static
../Core/Src/nvsesp.c:535:6:nvsesp_apModeGetData	16	static,ignoring_inline_asm
../Core/Src/nvsesp.c:584:6:nvsesp_apModeGetDataInit	8	static
../Core/Src/nvsesp.c:591:6:log_ascii_chunked	104	static
../Core/Src/nvsesp.c:613:6:log_hex_chunked	112	static
