../Core/Src/nvsesp.c:20:5:nvsesp_parseVersionJson	96	static
../Core/Src/nvsesp.c:50:16:nvsesp_httpRequest	3512	static
../Core/Src/nvsesp.c:317:16:nvsesp_sendAtCommand	3328	static
../Core/Src/nvsesp.c:375:6:HAL_UARTEx_RxEventCallback	24	static
../Core/Src/nvsesp.c:390:6:nvsesp_extractJsonBody	96	static
../Core/Src/nvsesp.c:458:6:nvsesp_jsonFindString	72	static
../Core/Src/nvsesp.c:472:13:nvsesp_joinFeed	32	static
../Core/Src/nvsesp.c:503:6:nvsesp_apModeGetData	16	static,ignoring_inline_asm
../Core/Src/nvsesp.c:551:6:nvsesp_apModeGetDataInit	8	static
../Core/Src/nvsesp.c:558:6:log_ascii_chunked	104	static
../Core/Src/nvsesp.c:580:6:log_hex_chunked	112	static
